../Core/Src/main.c:95:5:main	24	static
../Core/Src/main.c:196:6:SystemClock_Config	88	static
../Core/Src/main.c:240:13:MX_CAN1_Init	8	static
../Core/Src/main.c:275:13:MX_TIM2_Init	32	static
../Core/Src/main.c:318:13:MX_TIM3_Init	56	static
../Core/Src/main.c:366:13:MX_GPIO_Init	48	static
../Core/Src/main.c:426:6:HAL_TIM_PeriodElapsedCallback	16	static
../Core/Src/main.c:440:6:HAL_GPIO_EXTI_Callback	16	static
../Core/Src/main.c:464:6:updateEncoders	4	static
../Core/Src/main.c:476:6:switchLED	16	static
../Core/Src/main.c:489:6:Error_Handler	4	static,ignoring_inline_asm
